<html>
<body>
<pre>
<h1>µVision Build Log</h1>
<h2>Project:</h2>
E:\ãÔÑæÚ\pro.uvproj
Project File Date:  05/17/2020

<h2>Output:</h2>
Build target 'Target 1'
linking...
Program Size: Code=2296 RO-data=924 RW-data=20 ZI-data=1108  
".\pro.axf" - 0 Error(s), 0 Warning(s).
</pre>
</body>
</html>
25): warning:  #550-D: variable "delay" was set but never used
                uint32_t delay;
main.c(40): warning:  #550-D: variable "delay" was set but never used
                    uint32_t delay;
main.c(183): warning:  #1-D: last line of file ends without a newline
                
main.c: 4 warnings, 0 errors
linking...
Program Size: Code=2296 RO-data=924 RW-data=20 ZI-data=1108  
".\pro.axf" - 0 Error(s), 4 Warning(s).
, 1 error
".\pro.axf" - 1 Error(s), 4 Warning(s).
Target not created
 4 Warning(s).
Target not created
